22:38:25 INFO    controller.swim    connected to SWIM at localhost:4242
22:38:25 INFO    controller.loop    run reactive -> /mnt/iusers01/sk01/t95317ha/selas-results/cmp-20260917-213631/reactive/reactive
22:38:25 INFO    controller.loop    period 0   rt=0.092 util=0.02 srv=3/3 dim=0.90 -> set_dimmer 1         (reactive: set_dimmer 1) 0.00s
22:39:25 INFO    controller.loop    period 1   rt=3.190 util=2.89 srv=3/3 dim=1.00 -> set_dimmer 0.75      (reactive: set_dimmer 0.75) 0.00s
22:40:25 INFO    controller.loop    period 2   rt=0.302 util=1.76 srv=3/3 dim=0.75 -> set_dimmer 1         (reactive: set_dimmer 1) 0.00s
22:41:25 INFO    controller.loop    period 3   rt=0.169 util=1.66 srv=3/3 dim=1.00 -> remove_server        (reactive: remove_server) 0.00s
22:42:25 INFO    controller.loop    period 4   rt=2.311 util=1.93 srv=2/3 dim=1.00 -> add_server           (reactive: add_server) 0.00s
22:43:25 INFO    controller.loop    period 5   rt=0.362 util=1.35 srv=2/3 dim=1.00 -> no_op                (reactive: no_op) 0.00s
22:44:25 INFO    controller.loop    period 6   rt=0.072 util=1.17 srv=3/3 dim=1.00 -> remove_server        (reactive: remove_server) 0.00s
22:45:25 INFO    controller.loop    period 7   rt=0.113 util=1.15 srv=2/3 dim=1.00 -> no_op                (reactive: no_op) 0.00s
22:46:25 INFO    controller.loop    period 8   rt=0.113 util=1.03 srv=2/3 dim=1.00 -> no_op                (reactive: no_op) 0.00s
22:47:25 INFO    controller.loop    period 9   rt=0.083 util=1.04 srv=2/3 dim=1.00 -> no_op                (reactive: no_op) 0.00s
22:48:25 INFO    controller.loop    period 10  rt=0.117 util=1.05 srv=2/3 dim=1.00 -> no_op                (reactive: no_op) 0.00s
22:49:25 INFO    controller.loop    period 11  rt=0.073 util=0.93 srv=2/3 dim=1.00 -> remove_server        (reactive: remove_server) 0.00s
22:50:25 INFO    controller.loop    period 12  rt=1.155 util=0.94 srv=1/3 dim=1.00 -> add_server           (reactive: add_server) 0.00s
22:51:25 INFO    controller.loop    period 13  rt=5.306 util=0.97 srv=1/3 dim=1.00 -> set_dimmer 0.75      (reactive: set_dimmer 0.75) 0.00s
22:52:25 INFO    controller.loop    period 14  rt=0.530 util=0.67 srv=2/3 dim=0.75 -> set_dimmer 1         (reactive: set_dimmer 1) 0.00s
22:53:25 INFO    controller.loop    period 15  rt=0.069 util=0.83 srv=2/3 dim=1.00 -> remove_server        (reactive: remove_server) 0.00s
22:54:25 INFO    controller.loop    period 16  rt=0.596 util=0.84 srv=1/3 dim=1.00 -> no_op                (reactive: no_op) 0.00s
22:55:25 INFO    controller.loop    period 17  rt=2.244 util=0.85 srv=1/3 dim=1.00 -> add_server           (reactive: add_server) 0.00s
22:56:25 INFO    controller.loop    period 18  rt=3.135 util=0.88 srv=1/3 dim=1.00 -> set_dimmer 0.75      (reactive: set_dimmer 0.75) 0.00s
22:57:25 INFO    controller.loop    period 19  rt=0.057 util=0.44 srv=2/3 dim=0.75 -> set_dimmer 1         (reactive: set_dimmer 1) 0.00s
22:58:25 INFO    controller.loop    period 20  rt=0.078 util=0.83 srv=2/3 dim=1.00 -> remove_server        (reactive: remove_server) 0.00s
22:59:25 INFO    controller.loop    period 21  rt=0.574 util=0.60 srv=1/3 dim=1.00 -> no_op                (reactive: no_op) 0.00s
23:00:25 INFO    controller.loop    period 22  rt=0.352 util=0.66 srv=1/3 dim=1.00 -> no_op                (reactive: no_op) 0.00s
23:01:25 INFO    controller.loop    period 23  rt=0.521 util=0.60 srv=1/3 dim=1.00 -> no_op                (reactive: no_op) 0.00s
23:02:25 INFO    controller.loop    period 24  rt=0.380 util=0.61 srv=1/3 dim=1.00 -> no_op                (reactive: no_op) 0.00s
23:03:25 INFO    controller.loop    period 25  rt=0.337 util=0.66 srv=1/3 dim=1.00 -> no_op                (reactive: no_op) 0.00s
23:04:25 INFO    controller.loop    period 26  rt=2.274 util=0.96 srv=1/3 dim=1.00 -> add_server           (reactive: add_server) 0.00s
23:05:25 INFO    controller.loop    period 27  rt=0.540 util=0.77 srv=1/3 dim=1.00 -> no_op                (reactive: no_op) 0.00s
23:06:25 INFO    controller.loop    period 28  rt=0.120 util=0.74 srv=2/3 dim=1.00 -> remove_server        (reactive: remove_server) 0.00s
23:07:25 INFO    controller.loop    period 29  rt=0.379 util=0.68 srv=1/3 dim=1.00 -> no_op                (reactive: no_op) 0.00s
23:08:25 INFO    controller.loop    period 30  rt=0.447 util=0.72 srv=1/3 dim=1.00 -> no_op                (reactive: no_op) 0.00s
23:09:25 INFO    controller.loop    period 31  rt=0.708 util=0.74 srv=1/3 dim=1.00 -> no_op                (reactive: no_op) 0.00s
23:10:25 INFO    controller.loop    period 32  rt=1.366 util=0.88 srv=1/3 dim=1.00 -> add_server           (reactive: add_server) 0.00s
23:11:25 INFO    controller.loop    period 33  rt=0.955 util=0.80 srv=1/3 dim=1.00 -> set_dimmer 0.75      (reactive: set_dimmer 0.75) 0.00s
23:12:25 INFO    controller.loop    period 34  rt=0.726 util=0.80 srv=2/3 dim=0.75 -> set_dimmer 1         (reactive: set_dimmer 1) 0.00s
23:13:25 INFO    controller.loop    period 35  rt=0.074 util=0.89 srv=2/3 dim=1.00 -> remove_server        (reactive: remove_server) 0.00s
23:14:25 INFO    controller.loop    period 36  rt=4.186 util=0.95 srv=1/3 dim=1.00 -> add_server           (reactive: add_server) 0.00s
23:15:25 INFO    controller.loop    period 37  rt=7.915 util=1.00 srv=1/3 dim=1.00 -> set_dimmer 0.75      (reactive: set_dimmer 0.75) 0.00s
23:16:25 INFO    controller.loop    period 38  rt=0.352 util=1.01 srv=2/3 dim=0.75 -> no_op                (reactive: no_op) 0.00s
23:17:25 INFO    controller.loop    period 39  rt=0.045 util=0.81 srv=2/3 dim=0.75 -> set_dimmer 1         (reactive: set_dimmer 1) 0.00s
23:18:25 INFO    controller.loop    period 40  rt=0.198 util=1.40 srv=2/3 dim=1.00 -> no_op                (reactive: no_op) 0.00s
23:19:25 INFO    controller.loop    period 41  rt=0.105 util=1.19 srv=2/3 dim=1.00 -> no_op                (reactive: no_op) 0.00s
23:20:25 INFO    controller.loop    period 42  rt=0.162 util=1.35 srv=2/3 dim=1.00 -> no_op                (reactive: no_op) 0.00s
23:21:25 INFO    controller.loop    period 43  rt=0.542 util=1.42 srv=2/3 dim=1.00 -> no_op                (reactive: no_op) 0.00s
23:22:25 INFO    controller.loop    period 44  rt=0.268 util=1.49 srv=2/3 dim=1.00 -> no_op                (reactive: no_op) 0.00s
23:23:25 INFO    controller.loop    period 45  rt=0.294 util=1.56 srv=2/3 dim=1.00 -> no_op                (reactive: no_op) 0.00s
23:24:25 INFO    controller.loop    period 46  rt=4.078 util=1.99 srv=2/3 dim=1.00 -> add_server           (reactive: add_server) 0.00s
23:25:25 INFO    controller.loop    period 47  rt=1.264 util=1.91 srv=2/3 dim=1.00 -> set_dimmer 0.75      (reactive: set_dimmer 0.75) 0.00s
23:26:25 INFO    controller.loop    period 48  rt=0.408 util=1.56 srv=3/3 dim=0.75 -> set_dimmer 1         (reactive: set_dimmer 1) 0.00s
23:27:25 INFO    controller.loop    period 49  rt=0.589 util=2.29 srv=3/3 dim=1.00 -> no_op                (reactive: no_op) 0.00s
23:28:25 INFO    controller.loop    period 50  rt=0.218 util=2.16 srv=3/3 dim=1.00 -> no_op                (reactive: no_op) 0.00s
23:29:25 INFO    controller.loop    period 51  rt=0.221 util=2.07 srv=3/3 dim=1.00 -> no_op                (reactive: no_op) 0.00s
23:30:25 INFO    controller.loop    period 52  rt=0.119 util=1.93 srv=3/3 dim=1.00 -> remove_server        (reactive: remove_server) 0.00s
23:31:25 INFO    controller.loop    period 53  rt=3.399 util=1.96 srv=2/3 dim=1.00 -> add_server           (reactive: add_server) 0.00s
23:32:25 INFO    controller.loop    period 54  rt=7.846 util=2.00 srv=2/3 dim=1.00 -> set_dimmer 0.75      (reactive: set_dimmer 0.75) 0.00s
23:33:25 INFO    controller.loop    period 55  rt=2.192 util=1.81 srv=3/3 dim=0.75 -> set_dimmer 0.5       (reactive: set_dimmer 0.5) 0.00s
23:34:25 INFO    controller.loop    period 56  rt=0.029 util=1.10 srv=3/3 dim=0.50 -> set_dimmer 0.75      (reactive: set_dimmer 0.75) 0.00s
23:35:25 INFO    controller.loop    period 57  rt=0.073 util=1.68 srv=3/3 dim=0.75 -> set_dimmer 1         (reactive: set_dimmer 1) 0.00s
23:36:25 INFO    controller.loop    period 58  rt=0.380 util=2.46 srv=3/3 dim=1.00 -> no_op                (reactive: no_op) 0.00s
23:37:25 INFO    controller.loop    period 59  rt=0.286 util=2.25 srv=3/3 dim=1.00 -> no_op                (reactive: no_op) 0.00s
23:38:25 INFO    controller.loop    period 60  rt=0.100 util=1.64 srv=3/3 dim=1.00 -> remove_server        (reactive: remove_server) 0.00s
23:39:25 INFO    controller.loop    period 61  rt=2.376 util=1.96 srv=2/3 dim=1.00 -> add_server           (reactive: add_server) 0.00s
23:40:25 INFO    controller.loop    period 62  rt=9.176 util=2.00 srv=2/3 dim=1.00 -> set_dimmer 0.75      (reactive: set_dimmer 0.75) 0.00s
23:41:25 INFO    controller.loop    period 63  rt=4.317 util=1.90 srv=3/3 dim=0.75 -> set_dimmer 0.5       (reactive: set_dimmer 0.5) 0.00s
23:42:25 INFO    controller.loop    period 64  rt=0.033 util=1.37 srv=3/3 dim=0.50 -> set_dimmer 0.75      (reactive: set_dimmer 0.75) 0.00s
23:43:25 INFO    controller.loop    period 65  rt=0.074 util=1.70 srv=3/3 dim=0.75 -> set_dimmer 1         (reactive: set_dimmer 1) 0.00s
23:44:25 INFO    controller.loop    period 66  rt=0.219 util=1.92 srv=3/3 dim=1.00 -> remove_server        (reactive: remove_server) 0.00s
23:45:25 INFO    controller.loop    period 67  rt=8.887 util=2.00 srv=2/3 dim=1.00 -> add_server           (reactive: add_server) 0.00s
23:46:25 INFO    controller.loop    period 68  rt=12.557 util=2.00 srv=2/3 dim=1.00 -> set_dimmer 0.75      (reactive: set_dimmer 0.75) 0.00s
23:47:25 INFO    controller.loop    period 69  rt=3.601 util=2.32 srv=3/3 dim=0.75 -> set_dimmer 0.5       (reactive: set_dimmer 0.5) 0.00s
23:48:25 INFO    controller.loop    period 70  rt=0.033 util=1.30 srv=3/3 dim=0.50 -> set_dimmer 0.75      (reactive: set_dimmer 0.75) 0.00s
23:49:25 INFO    controller.loop    period 71  rt=0.257 util=1.78 srv=3/3 dim=0.75 -> set_dimmer 1         (reactive: set_dimmer 1) 0.00s
23:50:25 INFO    controller.loop    period 72  rt=0.996 util=2.73 srv=3/3 dim=1.00 -> set_dimmer 0.75      (reactive: set_dimmer 0.75) 0.00s
23:51:25 INFO    controller.loop    period 73  rt=0.072 util=1.71 srv=3/3 dim=0.75 -> set_dimmer 1         (reactive: set_dimmer 1) 0.00s
23:52:25 INFO    controller.loop    period 74  rt=0.190 util=1.98 srv=3/3 dim=1.00 -> remove_server        (reactive: remove_server) 0.00s
23:53:25 INFO    controller.loop    period 75  rt=8.186 util=1.99 srv=2/3 dim=1.00 -> add_server           (reactive: add_server) 0.00s
23:54:25 INFO    controller.loop    period 76  rt=13.066 util=2.00 srv=2/3 dim=1.00 -> set_dimmer 0.75      (reactive: set_dimmer 0.75) 0.00s
23:55:25 INFO    controller.loop    period 77  rt=3.162 util=1.96 srv=3/3 dim=0.75 -> set_dimmer 0.5       (reactive: set_dimmer 0.5) 0.00s
23:56:25 INFO    controller.loop    period 78  rt=0.027 util=1.08 srv=3/3 dim=0.50 -> set_dimmer 0.75      (reactive: set_dimmer 0.75) 0.00s
23:57:25 INFO    controller.loop    period 79  rt=0.122 util=1.49 srv=3/3 dim=0.75 -> set_dimmer 1         (reactive: set_dimmer 1) 0.00s
23:58:25 INFO    controller.loop    period 80  rt=0.155 util=1.88 srv=3/3 dim=1.00 -> remove_server        (reactive: remove_server) 0.00s
23:59:25 INFO    controller.loop    period 81  rt=6.518 util=2.00 srv=2/3 dim=1.00 -> add_server           (reactive: add_server) 0.00s
00:00:25 INFO    controller.loop    period 82  rt=10.021 util=2.00 srv=2/3 dim=1.00 -> set_dimmer 0.75      (reactive: set_dimmer 0.75) 0.00s
00:01:25 INFO    controller.loop    period 83  rt=1.653 util=1.52 srv=3/3 dim=0.75 -> set_dimmer 0.5       (reactive: set_dimmer 0.5) 0.00s
00:02:25 INFO    controller.loop    period 84  rt=0.026 util=0.87 srv=3/3 dim=0.50 -> set_dimmer 0.75      (reactive: set_dimmer 0.75) 0.00s
00:03:25 INFO    controller.loop    period 85  rt=0.106 util=1.67 srv=3/3 dim=0.75 -> set_dimmer 1         (reactive: set_dimmer 1) 0.00s
00:04:25 INFO    controller.loop    period 86  rt=0.108 util=1.95 srv=3/3 dim=1.00 -> remove_server        (reactive: remove_server) 0.00s
00:05:25 INFO    controller.loop    period 87  rt=1.592 util=1.61 srv=2/3 dim=1.00 -> add_server           (reactive: add_server) 0.00s
00:06:25 INFO    controller.loop    period 88  rt=0.568 util=1.64 srv=2/3 dim=1.00 -> no_op                (reactive: no_op) 0.00s
00:07:25 INFO    controller.loop    period 89  rt=0.076 util=1.59 srv=3/3 dim=1.00 -> remove_server        (reactive: remove_server) 0.00s
00:08:25 INFO    controller.loop    period 90  rt=0.745 util=1.75 srv=2/3 dim=1.00 -> no_op                (reactive: no_op) 0.00s
00:09:25 INFO    controller.loop    period 91  rt=0.834 util=1.47 srv=2/3 dim=1.00 -> add_server           (reactive: add_server) 0.00s
00:10:25 INFO    controller.loop    period 92  rt=0.359 util=1.58 srv=2/3 dim=1.00 -> no_op                (reactive: no_op) 0.00s
00:11:25 INFO    controller.loop    period 93  rt=0.157 util=1.68 srv=3/3 dim=1.00 -> remove_server        (reactive: remove_server) 0.00s
00:12:25 INFO    controller.loop    period 94  rt=2.219 util=1.85 srv=2/3 dim=1.00 -> add_server           (reactive: add_server) 0.00s
00:13:25 INFO    controller.loop    period 95  rt=1.478 util=1.66 srv=2/3 dim=1.00 -> set_dimmer 0.75      (reactive: set_dimmer 0.75) 0.00s
00:14:25 INFO    controller.loop    period 96  rt=0.053 util=1.25 srv=3/3 dim=0.75 -> set_dimmer 1         (reactive: set_dimmer 1) 0.00s
00:15:25 INFO    controller.loop    period 97  rt=0.079 util=1.57 srv=3/3 dim=1.00 -> remove_server        (reactive: remove_server) 0.00s
00:16:25 INFO    controller.loop    period 98  rt=1.174 util=1.82 srv=2/3 dim=1.00 -> add_server           (reactive: add_server) 0.00s
00:17:25 INFO    controller.loop    period 99  rt=0.214 util=1.38 srv=2/3 dim=1.00 -> no_op                (reactive: no_op) 0.00s
00:18:25 INFO    controller.loop    period 100 rt=0.089 util=1.64 srv=3/3 dim=1.00 -> remove_server        (reactive: remove_server) 0.00s
00:19:25 INFO    controller.loop    period 101 rt=0.200 util=1.55 srv=2/3 dim=1.00 -> no_op                (reactive: no_op) 0.00s
00:20:25 INFO    controller.loop    period 102 rt=0.650 util=1.41 srv=2/3 dim=1.00 -> no_op                (reactive: no_op) 0.00s
00:21:25 INFO    controller.loop    period 103 rt=1.693 util=1.80 srv=2/3 dim=1.00 -> add_server           (reactive: add_server) 0.00s
00:22:25 INFO    controller.loop    period 104 rt=0.626 util=1.75 srv=2/3 dim=1.00 -> no_op                (reactive: no_op) 0.00s
00:23:25 WARNING controller.swim    SWIM exchange failed (attempt 1/4): [Errno 104] Connection reset by peer
00:23:26 WARNING controller.swim    SWIM exchange failed (attempt 2/4): [Errno 111] Connection refused
00:23:28 WARNING controller.swim    SWIM exchange failed (attempt 3/4): [Errno 111] Connection refused
00:23:32 WARNING controller.swim    SWIM exchange failed (attempt 4/4): [Errno 111] Connection refused
00:23:32 ERROR   controller.loop    sense failed in period 105: SWIM unreachable at localhost:4242
00:23:41 INFO    controller.loop    stop requested; finishing the current period
00:23:41 INFO    controller.loop    stopped after 106 periods, 105 records -> /mnt/iusers01/sk01/t95317ha/selas-results/cmp-20260917-213631/reactive/reactive/decisions.jsonl
