17:39:28 INFO    controller.swim    connected to SWIM at localhost:4242
17:39:28 INFO    controller.loop    run reactive -> /mnt/iusers01/sk01/t95317ha/selas-results/cmp-20260921-163753/reactive/reactive
17:39:28 INFO    controller.loop    period 0   rt=0.166 util=0.01 srv=1/3 dim=0.90 -> no_op                (reactive: no_op) 0.00s
17:40:28 INFO    controller.loop    period 1   rt=11.794 util=1.00 srv=1/3 dim=0.90 -> add_server           (reactive: add_server) 0.00s
17:41:28 INFO    controller.loop    period 2   rt=13.091 util=1.00 srv=1/3 dim=0.90 -> set_dimmer 0.65      (reactive: set_dimmer 0.65) 0.00s
17:42:28 INFO    controller.loop    period 3   rt=3.856 util=1.44 srv=2/3 dim=0.65 -> add_server           (reactive: add_server) 0.00s
17:43:28 INFO    controller.loop    period 4   rt=0.161 util=1.29 srv=2/3 dim=0.65 -> no_op                (reactive: no_op) 0.00s
17:44:28 INFO    controller.loop    period 5   rt=0.084 util=1.17 srv=3/3 dim=0.65 -> set_dimmer 0.9       (reactive: set_dimmer 0.9) 0.00s
17:45:28 INFO    controller.loop    period 6   rt=0.079 util=1.20 srv=3/3 dim=0.90 -> set_dimmer 1         (reactive: set_dimmer 1) 0.00s
17:46:28 INFO    controller.loop    period 7   rt=0.095 util=1.39 srv=3/3 dim=1.00 -> remove_server        (reactive: remove_server) 0.00s
17:47:28 INFO    controller.loop    period 8   rt=0.096 util=1.05 srv=2/3 dim=1.00 -> no_op                (reactive: no_op) 0.00s
17:48:28 INFO    controller.loop    period 9   rt=0.093 util=1.04 srv=2/3 dim=1.00 -> no_op                (reactive: no_op) 0.00s
17:49:28 INFO    controller.loop    period 10  rt=0.120 util=1.12 srv=2/3 dim=1.00 -> no_op                (reactive: no_op) 0.00s
17:50:28 INFO    controller.loop    period 11  rt=0.072 util=0.97 srv=2/3 dim=1.00 -> remove_server        (reactive: remove_server) 0.00s
17:51:28 INFO    controller.loop    period 12  rt=0.659 util=0.88 srv=1/3 dim=1.00 -> no_op                (reactive: no_op) 0.00s
17:52:28 INFO    controller.loop    period 13  rt=4.896 util=0.97 srv=1/3 dim=1.00 -> add_server           (reactive: add_server) 0.00s
17:53:28 INFO    controller.loop    period 14  rt=2.404 util=0.91 srv=1/3 dim=1.00 -> set_dimmer 0.75      (reactive: set_dimmer 0.75) 0.00s
17:54:28 INFO    controller.loop    period 15  rt=0.045 util=0.64 srv=2/3 dim=0.75 -> set_dimmer 1         (reactive: set_dimmer 1) 0.00s
17:55:28 INFO    controller.loop    period 16  rt=0.066 util=0.86 srv=2/3 dim=1.00 -> remove_server        (reactive: remove_server) 0.00s
17:56:28 INFO    controller.loop    period 17  rt=1.939 util=0.84 srv=1/3 dim=1.00 -> add_server           (reactive: add_server) 0.00s
17:57:28 INFO    controller.loop    period 18  rt=2.643 util=0.85 srv=1/3 dim=1.00 -> set_dimmer 0.75      (reactive: set_dimmer 0.75) 0.00s
17:58:28 INFO    controller.loop    period 19  rt=0.041 util=0.47 srv=2/3 dim=0.75 -> set_dimmer 1         (reactive: set_dimmer 1) 0.00s
17:59:28 INFO    controller.loop    period 20  rt=0.082 util=0.85 srv=2/3 dim=1.00 -> remove_server        (reactive: remove_server) 0.00s
18:00:28 INFO    controller.loop    period 21  rt=0.545 util=0.61 srv=1/3 dim=1.00 -> no_op                (reactive: no_op) 0.00s
18:01:28 INFO    controller.loop    period 22  rt=0.180 util=0.66 srv=1/3 dim=1.00 -> no_op                (reactive: no_op) 0.00s
18:02:28 INFO    controller.loop    period 23  rt=0.585 util=0.58 srv=1/3 dim=1.00 -> no_op                (reactive: no_op) 0.00s
18:03:28 INFO    controller.loop    period 24  rt=0.528 util=0.62 srv=1/3 dim=1.00 -> no_op                (reactive: no_op) 0.00s
18:04:28 INFO    controller.loop    period 25  rt=0.300 util=0.68 srv=1/3 dim=1.00 -> no_op                (reactive: no_op) 0.00s
18:05:28 INFO    controller.loop    period 26  rt=2.621 util=0.99 srv=1/3 dim=1.00 -> add_server           (reactive: add_server) 0.00s
18:06:28 INFO    controller.loop    period 27  rt=0.503 util=0.73 srv=1/3 dim=1.00 -> no_op                (reactive: no_op) 0.00s
18:07:28 INFO    controller.loop    period 28  rt=0.100 util=0.75 srv=2/3 dim=1.00 -> remove_server        (reactive: remove_server) 0.00s
18:08:28 INFO    controller.loop    period 29  rt=0.485 util=0.69 srv=1/3 dim=1.00 -> no_op                (reactive: no_op) 0.00s
18:09:28 INFO    controller.loop    period 30  rt=0.377 util=0.70 srv=1/3 dim=1.00 -> no_op                (reactive: no_op) 0.00s
18:10:28 INFO    controller.loop    period 31  rt=0.689 util=0.74 srv=1/3 dim=1.00 -> no_op                (reactive: no_op) 0.00s
18:11:28 INFO    controller.loop    period 32  rt=1.349 util=0.87 srv=1/3 dim=1.00 -> add_server           (reactive: add_server) 0.00s
18:12:28 INFO    controller.loop    period 33  rt=0.719 util=0.80 srv=1/3 dim=1.00 -> no_op                (reactive: no_op) 0.00s
18:13:28 INFO    controller.loop    period 34  rt=0.941 util=1.03 srv=2/3 dim=1.00 -> add_server           (reactive: add_server) 0.00s
18:14:28 INFO    controller.loop    period 35  rt=0.083 util=0.92 srv=2/3 dim=1.00 -> no_op                (reactive: no_op) 0.00s
18:15:28 INFO    controller.loop    period 36  rt=0.121 util=1.27 srv=3/3 dim=1.00 -> remove_server        (reactive: remove_server) 0.00s
18:16:28 INFO    controller.loop    period 37  rt=0.088 util=0.93 srv=2/3 dim=1.00 -> remove_server        (reactive: remove_server) 0.00s
18:17:28 INFO    controller.loop    period 38  rt=6.216 util=0.98 srv=1/3 dim=1.00 -> add_server           (reactive: add_server) 0.00s
18:18:28 INFO    controller.loop    period 39  rt=12.717 util=1.00 srv=1/3 dim=1.00 -> set_dimmer 0.75      (reactive: set_dimmer 0.75) 0.00s
18:19:28 INFO    controller.loop    period 40  rt=2.554 util=1.18 srv=2/3 dim=0.75 -> add_server           (reactive: add_server) 0.00s
18:20:28 INFO    controller.loop    period 41  rt=0.055 util=0.91 srv=2/3 dim=0.75 -> set_dimmer 1         (reactive: set_dimmer 1) 0.00s
18:21:28 INFO    controller.loop    period 42  rt=0.079 util=1.52 srv=3/3 dim=1.00 -> remove_server        (reactive: remove_server) 0.00s
18:22:28 INFO    controller.loop    period 43  rt=0.595 util=1.44 srv=2/3 dim=1.00 -> no_op                (reactive: no_op) 0.00s
18:23:28 INFO    controller.loop    period 44  rt=0.249 util=1.48 srv=2/3 dim=1.00 -> no_op                (reactive: no_op) 0.00s
18:24:28 INFO    controller.loop    period 45  rt=0.294 util=1.53 srv=2/3 dim=1.00 -> no_op                (reactive: no_op) 0.00s
18:25:28 INFO    controller.loop    period 46  rt=4.255 util=2.00 srv=2/3 dim=1.00 -> add_server           (reactive: add_server) 0.00s
18:26:28 INFO    controller.loop    period 47  rt=1.521 util=1.94 srv=2/3 dim=1.00 -> set_dimmer 0.75      (reactive: set_dimmer 0.75) 0.00s
18:27:28 INFO    controller.loop    period 48  rt=0.318 util=1.54 srv=3/3 dim=0.75 -> set_dimmer 1         (reactive: set_dimmer 1) 0.00s
18:28:28 INFO    controller.loop    period 49  rt=0.365 util=2.28 srv=3/3 dim=1.00 -> no_op                (reactive: no_op) 0.00s
18:29:28 INFO    controller.loop    period 50  rt=0.197 util=2.16 srv=3/3 dim=1.00 -> no_op                (reactive: no_op) 0.00s
18:30:28 INFO    controller.loop    period 51  rt=0.188 util=2.04 srv=3/3 dim=1.00 -> no_op                (reactive: no_op) 0.00s
18:31:28 INFO    controller.loop    period 52  rt=0.133 util=1.91 srv=3/3 dim=1.00 -> remove_server        (reactive: remove_server) 0.00s
18:32:28 INFO    controller.loop    period 53  rt=4.578 util=1.97 srv=2/3 dim=1.00 -> add_server           (reactive: add_server) 0.00s
18:33:28 INFO    controller.loop    period 54  rt=7.621 util=2.00 srv=2/3 dim=1.00 -> set_dimmer 0.75      (reactive: set_dimmer 0.75) 0.00s
18:34:28 INFO    controller.loop    period 55  rt=2.516 util=1.86 srv=3/3 dim=0.75 -> set_dimmer 0.5       (reactive: set_dimmer 0.5) 0.00s
18:35:28 INFO    controller.loop    period 56  rt=0.028 util=1.07 srv=3/3 dim=0.50 -> set_dimmer 0.75      (reactive: set_dimmer 0.75) 0.00s
18:36:28 INFO    controller.loop    period 57  rt=0.062 util=1.66 srv=3/3 dim=0.75 -> set_dimmer 1         (reactive: set_dimmer 1) 0.00s
18:37:28 INFO    controller.loop    period 58  rt=0.361 util=2.42 srv=3/3 dim=1.00 -> no_op                (reactive: no_op) 0.00s
18:38:28 INFO    controller.loop    period 59  rt=0.328 util=2.30 srv=3/3 dim=1.00 -> no_op                (reactive: no_op) 0.00s
18:39:28 INFO    controller.loop    period 60  rt=0.088 util=1.65 srv=3/3 dim=1.00 -> remove_server        (reactive: remove_server) 0.00s
18:40:28 INFO    controller.loop    period 61  rt=2.268 util=1.96 srv=2/3 dim=1.00 -> add_server           (reactive: add_server) 0.00s
18:41:28 INFO    controller.loop    period 62  rt=9.201 util=2.00 srv=2/3 dim=1.00 -> set_dimmer 0.75      (reactive: set_dimmer 0.75) 0.00s
18:42:28 INFO    controller.loop    period 63  rt=4.143 util=1.93 srv=3/3 dim=0.75 -> set_dimmer 0.5       (reactive: set_dimmer 0.5) 0.00s
18:43:28 INFO    controller.loop    period 64  rt=0.031 util=1.28 srv=3/3 dim=0.50 -> set_dimmer 0.75      (reactive: set_dimmer 0.75) 0.00s
18:44:28 INFO    controller.loop    period 65  rt=0.082 util=1.73 srv=3/3 dim=0.75 -> set_dimmer 1         (reactive: set_dimmer 1) 0.00s
18:45:28 INFO    controller.loop    period 66  rt=0.223 util=1.96 srv=3/3 dim=1.00 -> remove_server        (reactive: remove_server) 0.00s
18:46:28 INFO    controller.loop    period 67  rt=8.635 util=2.00 srv=2/3 dim=1.00 -> add_server           (reactive: add_server) 0.00s
18:47:28 INFO    controller.loop    period 68  rt=12.663 util=2.00 srv=2/3 dim=1.00 -> set_dimmer 0.75      (reactive: set_dimmer 0.75) 0.00s
18:48:28 INFO    controller.loop    period 69  rt=3.419 util=2.32 srv=3/3 dim=0.75 -> set_dimmer 0.5       (reactive: set_dimmer 0.5) 0.00s
18:49:28 INFO    controller.loop    period 70  rt=0.030 util=1.29 srv=3/3 dim=0.50 -> set_dimmer 0.75      (reactive: set_dimmer 0.75) 0.00s
18:50:28 INFO    controller.loop    period 71  rt=0.231 util=1.80 srv=3/3 dim=0.75 -> set_dimmer 1         (reactive: set_dimmer 1) 0.00s
18:51:28 INFO    controller.loop    period 72  rt=1.181 util=2.76 srv=3/3 dim=1.00 -> set_dimmer 0.75      (reactive: set_dimmer 0.75) 0.00s
18:52:28 INFO    controller.loop    period 73  rt=0.061 util=1.68 srv=3/3 dim=0.75 -> set_dimmer 1         (reactive: set_dimmer 1) 0.00s
18:53:28 INFO    controller.loop    period 74  rt=0.205 util=1.96 srv=3/3 dim=1.00 -> remove_server        (reactive: remove_server) 0.00s
18:54:28 INFO    controller.loop    period 75  rt=8.755 util=2.00 srv=2/3 dim=1.00 -> add_server           (reactive: add_server) 0.00s
18:55:28 INFO    controller.loop    period 76  rt=13.044 util=2.00 srv=2/3 dim=1.00 -> set_dimmer 0.75      (reactive: set_dimmer 0.75) 0.00s
18:56:28 INFO    controller.loop    period 77  rt=3.022 util=2.05 srv=3/3 dim=0.75 -> set_dimmer 0.5       (reactive: set_dimmer 0.5) 0.00s
18:57:28 INFO    controller.loop    period 78  rt=0.027 util=1.04 srv=3/3 dim=0.50 -> set_dimmer 0.75      (reactive: set_dimmer 0.75) 0.00s
18:58:28 INFO    controller.loop    period 79  rt=0.146 util=1.49 srv=3/3 dim=0.75 -> set_dimmer 1         (reactive: set_dimmer 1) 0.00s
18:59:28 INFO    controller.loop    period 80  rt=0.195 util=1.88 srv=3/3 dim=1.00 -> remove_server        (reactive: remove_server) 0.00s
19:00:28 INFO    controller.loop    period 81  rt=6.798 util=2.00 srv=2/3 dim=1.00 -> add_server           (reactive: add_server) 0.00s
19:01:28 INFO    controller.loop    period 82  rt=10.663 util=2.00 srv=2/3 dim=1.00 -> set_dimmer 0.75      (reactive: set_dimmer 0.75) 0.00s
19:02:28 INFO    controller.loop    period 83  rt=1.756 util=1.50 srv=3/3 dim=0.75 -> set_dimmer 0.5       (reactive: set_dimmer 0.5) 0.00s
19:03:28 INFO    controller.loop    period 84  rt=0.028 util=0.88 srv=3/3 dim=0.50 -> set_dimmer 0.75      (reactive: set_dimmer 0.75) 0.00s
19:04:28 INFO    controller.loop    period 85  rt=0.093 util=1.64 srv=3/3 dim=0.75 -> set_dimmer 1         (reactive: set_dimmer 1) 0.00s
19:05:28 INFO    controller.loop    period 86  rt=0.131 util=1.99 srv=3/3 dim=1.00 -> remove_server        (reactive: remove_server) 0.00s
19:06:28 INFO    controller.loop    period 87  rt=1.284 util=1.58 srv=2/3 dim=1.00 -> add_server           (reactive: add_server) 0.00s
19:07:28 INFO    controller.loop    period 88  rt=0.556 util=1.65 srv=2/3 dim=1.00 -> no_op                (reactive: no_op) 0.00s
19:08:28 INFO    controller.loop    period 89  rt=0.077 util=1.59 srv=3/3 dim=1.00 -> remove_server        (reactive: remove_server) 0.00s
19:09:28 INFO    controller.loop    period 90  rt=0.918 util=1.79 srv=2/3 dim=1.00 -> add_server           (reactive: add_server) 0.00s
19:10:28 INFO    controller.loop    period 91  rt=0.843 util=1.46 srv=2/3 dim=1.00 -> set_dimmer 0.75      (reactive: set_dimmer 0.75) 0.00s
19:11:28 INFO    controller.loop    period 92  rt=0.046 util=1.25 srv=3/3 dim=0.75 -> set_dimmer 1         (reactive: set_dimmer 1) 0.00s
19:12:28 INFO    controller.loop    period 93  rt=0.082 util=1.60 srv=3/3 dim=1.00 -> remove_server        (reactive: remove_server) 0.00s
19:13:28 INFO    controller.loop    period 94  rt=2.085 util=1.90 srv=2/3 dim=1.00 -> add_server           (reactive: add_server) 0.00s
19:14:28 INFO    controller.loop    period 95  rt=0.990 util=1.64 srv=2/3 dim=1.00 -> set_dimmer 0.75      (reactive: set_dimmer 0.75) 0.00s
19:15:28 INFO    controller.loop    period 96  rt=0.056 util=1.25 srv=3/3 dim=0.75 -> set_dimmer 1         (reactive: set_dimmer 1) 0.00s
19:16:28 INFO    controller.loop    period 97  rt=0.085 util=1.62 srv=3/3 dim=1.00 -> remove_server        (reactive: remove_server) 0.00s
19:17:28 INFO    controller.loop    period 98  rt=0.778 util=1.80 srv=2/3 dim=1.00 -> add_server           (reactive: add_server) 0.00s
19:18:28 INFO    controller.loop    period 99  rt=0.211 util=1.38 srv=2/3 dim=1.00 -> no_op                (reactive: no_op) 0.00s
19:19:28 INFO    controller.loop    period 100 rt=0.092 util=1.61 srv=3/3 dim=1.00 -> remove_server        (reactive: remove_server) 0.00s
19:20:28 INFO    controller.loop    period 101 rt=0.180 util=1.54 srv=2/3 dim=1.00 -> no_op                (reactive: no_op) 0.00s
19:21:28 INFO    controller.loop    period 102 rt=0.926 util=1.44 srv=2/3 dim=1.00 -> add_server           (reactive: add_server) 0.00s
19:22:28 INFO    controller.loop    period 103 rt=1.145 util=1.77 srv=2/3 dim=1.00 -> set_dimmer 0.75      (reactive: set_dimmer 0.75) 0.00s
19:23:28 INFO    controller.loop    period 104 rt=0.108 util=1.40 srv=3/3 dim=0.75 -> set_dimmer 1         (reactive: set_dimmer 1) 0.00s
19:24:28 WARNING controller.swim    SWIM exchange failed (attempt 1/4): [Errno 104] Connection reset by peer
19:24:29 WARNING controller.swim    SWIM exchange failed (attempt 2/4): [Errno 111] Connection refused
19:24:31 WARNING controller.swim    SWIM exchange failed (attempt 3/4): [Errno 111] Connection refused
19:24:35 WARNING controller.swim    SWIM exchange failed (attempt 4/4): [Errno 111] Connection refused
19:24:35 ERROR   controller.loop    sense failed in period 105: SWIM unreachable at localhost:4242
19:24:45 INFO    controller.loop    stop requested; finishing the current period
19:24:46 INFO    controller.loop    stopped after 106 periods, 105 records -> /mnt/iusers01/sk01/t95317ha/selas-results/cmp-20260921-163753/reactive/reactive/decisions.jsonl
